2025-07-19 21:53:49 [main] FATAL com.fqq.dao.impl.EmpDaoImpl - fatal message
2025-07-19 21:53:49 [main] ERROR com.fqq.dao.impl.EmpDaoImpl - error message
2025-07-20 11:23:14 [main] FATAL com.fqq.dao.impl.EmpDaoImpl - fatal message
2025-07-20 11:23:14 [main] ERROR com.fqq.dao.impl.EmpDaoImpl - error message
2025-07-20 11:37:13 [main] FATAL com.fqq.dao.impl.EmpDaoImpl - fatal message
2025-07-20 11:37:13 [main] ERROR com.fqq.dao.impl.EmpDaoImpl - error message
2025-07-20 11:39:07 [main] FATAL main.fqq.test.Testlog4j - fatal message
2025-07-20 11:39:07 [main] ERROR main.fqq.test.Testlog4j - error message
2025-07-20 11:39:31 [main] FATAL main.fqq.test.Testlog4j - fatal message
2025-07-20 11:39:31 [main] ERROR main.fqq.test.Testlog4j - error message
2025-07-20 11:43:58 [main] FATAL main.fqq.test.Testlog4j - fatal message
2025-07-20 11:45:44 [main] FATAL main.fqq.test.Testlog4j - fatal message
2025-07-20 11:45:44 [main] ERROR main.fqq.test.Testlog4j - error message
2025-07-20 11:45:44 [main] WARN  main.fqq.test.Testlog4j - warn message
2025-07-20 11:45:44 [main] INFO  main.fqq.test.Testlog4j - info message
2025-07-20 11:45:44 [main] DEBUG main.fqq.test.Testlog4j - debug message
2025-07-20 11:45:44 [main] WARN  main.fqq.test.Testlog4j - 程序捕获到了异常信息
java.lang.ArithmeticException: / by zero
	at main.fqq.test.Testlog4j.main(Testlog4j.java:25) [classes/:?]
2025-07-20 14:08:40 [main] INFO  main.fqq.dao.MyConnectionPool - 初始化连接1418555530放入连接池
2025-07-20 14:08:40 [main] INFO  main.fqq.dao.MyConnectionPool - 初始化连接1823409783放入连接池
2025-07-20 14:08:40 [main] INFO  main.fqq.dao.MyConnectionPool - 初始化连接657736958放入连接池
2025-07-20 14:08:40 [main] INFO  main.fqq.dao.MyConnectionPool - 初始化连接1428475041放入连接池
2025-07-20 14:08:40 [main] INFO  main.fqq.dao.MyConnectionPool - 初始化连接91912419放入连接池
2025-07-20 14:08:40 [main] INFO  main.fqq.dao.MyConnectionPool - 连接池中还有链接：1418555530
2025-07-20 14:08:40 [main] DEBUG main.fqq.dao.MyConnectionPool - 设置连接：1418555530自动提交为True
2025-07-20 14:08:40 [main] INFO  main.fqq.dao.MyConnectionPool - 连接池未满,归还链接1418555530
